warning: in the working copy of 'daemon/apps.exe.config', LF will be replaced by CRLF the next time Git touches it
warning: in the working copy of 'daemon/apps.out.log', LF will be replaced by CRLF the next time Git touches it
warning: failed to remove daemon/apps.err.log: Invalid argument
warning: failed to remove daemon/apps.exe: Invalid argument
warning: failed to remove daemon/apps.out.log: Invalid argument
[Falha ao tentar realizar stash em git] Error: Command failed: git stash push -u -m stached
warning: in the working copy of 'daemon/apps.exe.config', LF will be replaced by CRLF the next time Git touches it
warning: in the working copy of 'daemon/apps.out.log', LF will be replaced by CRLF the next time Git touches it
warning: failed to remove daemon/apps.err.log: Invalid argument
warning: failed to remove daemon/apps.exe: Invalid argument
warning: failed to remove daemon/apps.out.log: Invalid argument

    at genericNodeError (node:internal/errors:984:15)
    at wrappedFn (node:internal/errors:538:14)
    at checkExecSyncError (node:child_process:891:11)
    at Object.execSync (node:child_process:963:15)
    at ClientRequest.<anonymous> (C:\projetos\br.dev.ci.apps\start.js:21:46)
    at ClientRequest.emit (node:events:519:28)
    at emitErrorEvent (node:_http_client:108:11)
    at TLSSocket.socketErrorListener (node:_http_client:511:5)
    at TLSSocket.emit (node:events:519:28)
    at emitErrorNT (node:internal/streams/destroy:169:8) {
  status: 1,
  signal: null,
  output: [
    null,
    <Buffer 53 61 76 65 64 20 77 6f 72 6b 69 6e 67 20 64 69 72 65 63 74 6f 72 79 20 61 6e 64 20 69 6e 64 65 78 20 73 74 61 74 65 20 4f 6e 20 32 30 32 35 2d 70 72 ... 15 more bytes>,
    <Buffer 77 61 72 6e 69 6e 67 3a 20 69 6e 20 74 68 65 20 77 6f 72 6b 69 6e 67 20 63 6f 70 79 20 6f 66 20 27 64 61 65 6d 6f 6e 2f 61 70 70 73 2e 65 78 65 2e 63 ... 365 more bytes>
  ],
  pid: 10040,
  stdout: <Buffer 53 61 76 65 64 20 77 6f 72 6b 69 6e 67 20 64 69 72 65 63 74 6f 72 79 20 61 6e 64 20 69 6e 64 65 78 20 73 74 61 74 65 20 4f 6e 20 32 30 32 35 2d 70 72 ... 15 more bytes>,
  stderr: <Buffer 77 61 72 6e 69 6e 67 3a 20 69 6e 20 74 68 65 20 77 6f 72 6b 69 6e 67 20 63 6f 70 79 20 6f 66 20 27 64 61 65 6d 6f 6e 2f 61 70 70 73 2e 65 78 65 2e 63 ... 365 more bytes>
}
warning: in the working copy of 'daemon/apps.err.log', LF will be replaced by CRLF the next time Git touches it
warning: in the working copy of 'daemon/apps.out.log', LF will be replaced by CRLF the next time Git touches it
warning: failed to remove daemon/apps.err.log: Invalid argument
warning: failed to remove daemon/apps.exe: Invalid argument
warning: failed to remove daemon/apps.out.log: Invalid argument
[Falha ao tentar realizar stash em git] Error: Command failed: git stash push -u -m stached
warning: in the working copy of 'daemon/apps.err.log', LF will be replaced by CRLF the next time Git touches it
warning: in the working copy of 'daemon/apps.out.log', LF will be replaced by CRLF the next time Git touches it
warning: failed to remove daemon/apps.err.log: Invalid argument
warning: failed to remove daemon/apps.exe: Invalid argument
warning: failed to remove daemon/apps.out.log: Invalid argument

    at genericNodeError (node:internal/errors:984:15)
    at wrappedFn (node:internal/errors:538:14)
    at checkExecSyncError (node:child_process:891:11)
    at Object.execSync (node:child_process:963:15)
    at ClientRequest.<anonymous> (C:\projetos\br.dev.ci.apps\start.js:21:46)
    at ClientRequest.emit (node:events:519:28)
    at emitErrorEvent (node:_http_client:108:11)
    at TLSSocket.socketErrorListener (node:_http_client:511:5)
    at TLSSocket.emit (node:events:519:28)
    at emitErrorNT (node:internal/streams/destroy:169:8) {
  status: 1,
  signal: null,
  output: [
    null,
    <Buffer 53 61 76 65 64 20 77 6f 72 6b 69 6e 67 20 64 69 72 65 63 74 6f 72 79 20 61 6e 64 20 69 6e 64 65 78 20 73 74 61 74 65 20 4f 6e 20 32 30 32 35 2d 70 72 ... 15 more bytes>,
    <Buffer 77 61 72 6e 69 6e 67 3a 20 69 6e 20 74 68 65 20 77 6f 72 6b 69 6e 67 20 63 6f 70 79 20 6f 66 20 27 64 61 65 6d 6f 6e 2f 61 70 70 73 2e 65 72 72 2e 6c ... 362 more bytes>
  ],
  pid: 9652,
  stdout: <Buffer 53 61 76 65 64 20 77 6f 72 6b 69 6e 67 20 64 69 72 65 63 74 6f 72 79 20 61 6e 64 20 69 6e 64 65 78 20 73 74 61 74 65 20 4f 6e 20 32 30 32 35 2d 70 72 ... 15 more bytes>,
  stderr: <Buffer 77 61 72 6e 69 6e 67 3a 20 69 6e 20 74 68 65 20 77 6f 72 6b 69 6e 67 20 63 6f 70 79 20 6f 66 20 27 64 61 65 6d 6f 6e 2f 61 70 70 73 2e 65 72 72 2e 6c ... 362 more bytes>
}
warning: in the working copy of 'daemon/apps.err.log', LF will be replaced by CRLF the next time Git touches it
warning: in the working copy of 'daemon/apps.out.log', LF will be replaced by CRLF the next time Git touches it
warning: failed to remove daemon/apps.err.log: Invalid argument
warning: failed to remove daemon/apps.exe: Invalid argument
warning: failed to remove daemon/apps.out.log: Invalid argument
[Falha ao tentar realizar stash em git] Error: Command failed: git stash push -u -m stached
warning: in the working copy of 'daemon/apps.err.log', LF will be replaced by CRLF the next time Git touches it
warning: in the working copy of 'daemon/apps.out.log', LF will be replaced by CRLF the next time Git touches it
warning: failed to remove daemon/apps.err.log: Invalid argument
warning: failed to remove daemon/apps.exe: Invalid argument
warning: failed to remove daemon/apps.out.log: Invalid argument

    at genericNodeError (node:internal/errors:984:15)
    at wrappedFn (node:internal/errors:538:14)
    at checkExecSyncError (node:child_process:891:11)
    at Object.execSync (node:child_process:963:15)
    at ClientRequest.<anonymous> (C:\projetos\br.dev.ci.apps\start.js:21:46)
    at ClientRequest.emit (node:events:519:28)
    at emitErrorEvent (node:_http_client:108:11)
    at TLSSocket.socketErrorListener (node:_http_client:511:5)
    at TLSSocket.emit (node:events:519:28)
    at emitErrorNT (node:internal/streams/destroy:169:8) {
  status: 1,
  signal: null,
  output: [
    null,
    <Buffer 53 61 76 65 64 20 77 6f 72 6b 69 6e 67 20 64 69 72 65 63 74 6f 72 79 20 61 6e 64 20 69 6e 64 65 78 20 73 74 61 74 65 20 4f 6e 20 32 30 32 35 2d 70 72 ... 15 more bytes>,
    <Buffer 77 61 72 6e 69 6e 67 3a 20 69 6e 20 74 68 65 20 77 6f 72 6b 69 6e 67 20 63 6f 70 79 20 6f 66 20 27 64 61 65 6d 6f 6e 2f 61 70 70 73 2e 65 72 72 2e 6c ... 362 more bytes>
  ],
  pid: 18064,
  stdout: <Buffer 53 61 76 65 64 20 77 6f 72 6b 69 6e 67 20 64 69 72 65 63 74 6f 72 79 20 61 6e 64 20 69 6e 64 65 78 20 73 74 61 74 65 20 4f 6e 20 32 30 32 35 2d 70 72 ... 15 more bytes>,
  stderr: <Buffer 77 61 72 6e 69 6e 67 3a 20 69 6e 20 74 68 65 20 77 6f 72 6b 69 6e 67 20 63 6f 70 79 20 6f 66 20 27 64 61 65 6d 6f 6e 2f 61 70 70 73 2e 65 72 72 2e 6c ... 362 more bytes>
}
warning: in the working copy of 'daemon/apps.err.log', LF will be replaced by CRLF the next time Git touches it
warning: in the working copy of 'daemon/apps.out.log', LF will be replaced by CRLF the next time Git touches it
warning: failed to remove daemon/apps.err.log: Invalid argument
warning: failed to remove daemon/apps.exe: Invalid argument
warning: failed to remove daemon/apps.out.log: Invalid argument
[Falha ao tentar realizar stash em git] Error: Command failed: git stash push -u -m stached
warning: in the working copy of 'daemon/apps.err.log', LF will be replaced by CRLF the next time Git touches it
warning: in the working copy of 'daemon/apps.out.log', LF will be replaced by CRLF the next time Git touches it
warning: failed to remove daemon/apps.err.log: Invalid argument
warning: failed to remove daemon/apps.exe: Invalid argument
warning: failed to remove daemon/apps.out.log: Invalid argument

    at genericNodeError (node:internal/errors:984:15)
    at wrappedFn (node:internal/errors:538:14)
    at checkExecSyncError (node:child_process:891:11)
    at Object.execSync (node:child_process:963:15)
    at ClientRequest.<anonymous> (C:\projetos\br.dev.ci.apps\start.js:21:46)
    at ClientRequest.emit (node:events:519:28)
    at emitErrorEvent (node:_http_client:108:11)
    at TLSSocket.socketErrorListener (node:_http_client:511:5)
    at TLSSocket.emit (node:events:519:28)
    at emitErrorNT (node:internal/streams/destroy:169:8) {
  status: 1,
  signal: null,
  output: [
    null,
    <Buffer 53 61 76 65 64 20 77 6f 72 6b 69 6e 67 20 64 69 72 65 63 74 6f 72 79 20 61 6e 64 20 69 6e 64 65 78 20 73 74 61 74 65 20 4f 6e 20 32 30 32 35 2d 70 72 ... 15 more bytes>,
    <Buffer 77 61 72 6e 69 6e 67 3a 20 69 6e 20 74 68 65 20 77 6f 72 6b 69 6e 67 20 63 6f 70 79 20 6f 66 20 27 64 61 65 6d 6f 6e 2f 61 70 70 73 2e 65 72 72 2e 6c ... 362 more bytes>
  ],
  pid: 12588,
  stdout: <Buffer 53 61 76 65 64 20 77 6f 72 6b 69 6e 67 20 64 69 72 65 63 74 6f 72 79 20 61 6e 64 20 69 6e 64 65 78 20 73 74 61 74 65 20 4f 6e 20 32 30 32 35 2d 70 72 ... 15 more bytes>,
  stderr: <Buffer 77 61 72 6e 69 6e 67 3a 20 69 6e 20 74 68 65 20 77 6f 72 6b 69 6e 67 20 63 6f 70 79 20 6f 66 20 27 64 61 65 6d 6f 6e 2f 61 70 70 73 2e 65 72 72 2e 6c ... 362 more bytes>
}
warning: in the working copy of 'daemon/apps.err.log', LF will be replaced by CRLF the next time Git touches it
warning: in the working copy of 'daemon/apps.out.log', LF will be replaced by CRLF the next time Git touches it
warning: unable to unlink 'daemon/apps.err.log': Invalid argument
warning: unable to unlink 'daemon/apps.exe': Invalid argument
warning: unable to unlink 'daemon/apps.out.log': Invalid argument
Um desligamento do sistema j  foi agendado.(1190)
node:child_process:966
    throw err;
    ^

Error: Command failed: shutdown /r
Um desligamento do sistema jï¿½ foi agendado.(1190)

    at genericNodeError (node:internal/errors:984:15)
    at wrappedFn (node:internal/errors:538:14)
    at checkExecSyncError (node:child_process:891:11)
    at Object.execSync (node:child_process:963:15)
    at ClientRequest.<anonymous> (C:\projetos\br.dev.ci.apps\start.js:30:42)
    at ClientRequest.emit (node:events:519:28)
    at emitErrorEvent (node:_http_client:108:11)
    at TLSSocket.socketErrorListener (node:_http_client:511:5)
    at TLSSocket.emit (node:events:519:28)
    at emitErrorNT (node:internal/streams/destroy:169:8) {
  status: 1190,
  signal: null,
  output: [
    null,
    Buffer(0) [Uint8Array] [],
    Buffer(50) [Uint8Array] [
       85, 109,  32, 100, 101, 115, 108, 105, 103,  97,
      109, 101, 110, 116, 111,  32, 100, 111,  32, 115,
      105, 115, 116, 101, 109,  97,  32, 106, 160,  32,
      102, 111, 105,  32,  97, 103, 101, 110, 100,  97,
      100, 111,  46,  40,  49,  49,  57,  48,  41,  10
    ]
  ],
  pid: 17788,
  stdout: Buffer(0) [Uint8Array] [],
  stderr: Buffer(50) [Uint8Array] [
     85, 109,  32, 100, 101, 115, 108, 105, 103,  97,
    109, 101, 110, 116, 111,  32, 100, 111,  32, 115,
    105, 115, 116, 101, 109,  97,  32, 106, 160,  32,
    102, 111, 105,  32,  97, 103, 101, 110, 100,  97,
    100, 111,  46,  40,  49,  49,  57,  48,  41,  10
  ]
}

Node.js v20.17.0
